ASxxxx Linker V03.00 + NoICE + sdld,  page 1.
Hexadecimal  [32-Bits]

Area                                    Addr        Size        Decimal Bytes (Attributes)
--------------------------------        ----        ----        ------- ----- ------------
.  .ABS.                            00000000    00000000 =           0. bytes (ABS,CON)

      Value  Global                              Global Defined In Module
      -----  --------------------------------   ------------------------
     00000000  .__.ABS.                           cpct_keyboard
     00000000  l__CABS                         
     00000000  l__DABS                         
     00000000  l__DATA                         
     00000000  l__GSFINAL                      
     00000000  l__GSINIT                       
     00000000  l__HOME                         
     00000000  l__INITIALIZED                  
     00000000  l__INITIALIZER                  
     00000000  s__CABS                         
     00000000  s__DABS                         
     00000E3F  l__CODE                         
     00004000  s__CODE                         
     00004E3F  s__DATA                         
     00004E3F  s__GSFINAL                      
     00004E3F  s__GSINIT                       
     00004E3F  s__HOME                         
     00004E3F  s__INITIALIZED                  
     00004E3F  s__INITIALIZER                  

ASxxxx Linker V03.00 + NoICE + sdld,  page 2.
Hexadecimal  [32-Bits]

Area                                    Addr        Size        Decimal Bytes (Attributes)
--------------------------------        ----        ----        ------- ----- ------------
_CODE                               00004000    00000E3F =        3647. bytes (REL,CON)

      Value  Global                              Global Defined In Module
      -----  --------------------------------   ------------------------
     00004000  _tile_tilemap_00                   tilemap
     00004020  _tile_tilemap_01                   tilemap
     00004040  _tile_tilemap_02                   tilemap
     00004060  _tile_tilemap_03                   tilemap
     00004080  _tile_tilemap_04                   tilemap
     000040A0  _tile_tilemap_05                   tilemap
     000040C0  _tile_tilemap_06                   tilemap
     000040E0  _tile_tilemap_07                   tilemap
     00004100  _tile_tilemap_08                   tilemap
     00004120  _tile_tilemap_09                   tilemap
     00004140  _tile_tilemap_10                   tilemap
     00004160  _tile_tilemap_11                   tilemap
     00004180  _spr_tileset                       pingu
     00004188  _spr_pingu_0                       pingu
     00004248  _spr_pingu_1                       pingu
     00004308  _spr_pingu_2                       pingu
     000043C8  _spr_pingu_3                       pingu
     00004488  _pre_palette                       face
     00004498  _pre_tileset                       face
     0000449A  _pre_face                          face
     000044BA  _tilemap_00                        
     000047D2  _main                              cpct_keyboard
     00004808  drawTilemap4x8_ag_32x16            cpct_keyboard
     000048A1  setDrawTileMap4x8_ag_32x16         cpct_keyboard
     000048CD  getScreenPtr_32x16                 cpct_keyboard
     000048DB  drawSprite_32x16                   cpct_keyboard
     00004901  drawSolidBox_32x16                 cpct_keyboard
     00004932  entities                           entity_manager
     000049BE  entity_manager_init                entity_manager
     000049F1  entity_manager_create_entity       entity_manager
     00004A4D  entity_manager_destroy_entity      entity_manager
     00004ABE  entity_manager_forall              entity_manager
     00004AE5  camera                             cpct_keyboard
     00004AEC  camera_system_init                 cpct_keyboard
     00004B79  camera_system_update               cpct_keyboard
     00004B85  collision_system_init              cpct_keyboard
     00004C7F  collision_system_update            cpct_keyboard
     00004C88  input_system_init                  cpct_keyboard
     00004CCD  input_system_update                cpct_keyboard
     00004CD6  physics_system_init                entity_manager
     00004CF8  physics_system_update              entity_manager
     00004D0A  render_system_init                 cpct_keyboard
     00004D62  render_system_draw_tilemap         cpct_keyboard
     00004DA6  render_system_update               cpct_keyboard
     00004DB5  cpct_setPalette_asm                cpct_video
     00004DC8  _cpct_isKeyPressed                 cpct_keyboard
     00004DC8  cpct_isKeyPressed_asm              cpct_keyboard
     00004DD4  cpct_setPALColour_asm              cpct_video
     00004DDE  _cpct_keyboardStatusBuffer         cpct_keyboard
     00004DE8  cpct_setVideoMode_asm              cpct_video
ASxxxx Linker V03.00 + NoICE + sdld,  page 3.
Hexadecimal  [32-Bits]

Area                                    Addr        Size        Decimal Bytes (Attributes)
--------------------------------        ----        ----        ------- ----- ------------
_CODE                               00004000    00000E3F =        3647. bytes (REL,CON)

      Value  Global                              Global Defined In Module
      -----  --------------------------------   ------------------------
     00004DF5  _cpct_waitVSYNC                    cpct_video
     00004DF5  cpct_waitVSYNC_asm                 cpct_video
     00004DFD  _cpct_disableFirmware              cpct_firmware
     00004DFD  _cpct_removeInterruptHandler       cpct_firmware
     00004DFD  cpct_disableFirmware_asm           cpct_firmware
     00004DFD  cpct_removeInterruptHandler_asm    cpct_firmware
     00004E0D  _cpct_mode_rom_status              cpct_firmware
     00004E0E  _cpct_scanKeyboard                 cpct_keyboard
     00004E0E  cpct_scanKeyboard_asm              cpct_keyboard

ASxxxx Linker V03.00 + NoICE + sdld,  page 4.

Files Linked                              [ module(s) ]

obj/tilemap.rel                           [ tilemap ]
obj/pingu.rel                             [ pingu ]
obj/face.rel                              [ face ]
obj/map00.h.rel                           [  ]
obj/map00.rel                             [  ]
obj/main.rel                              [ cpct_keyboard ]
obj/cpct/cpct32x16.h.rel                  [ cpct32x16 ]
obj/cpct/cpct32x16.rel                    [ cpct_keyboard ]
obj/man/entity.h.rel                      [ entity_manager ]
obj/man/entity.rel                        [ entity_manager ]
obj/man/game.h.rel                        [  ]
obj/man/game.rel                          [  ]
obj/sys/camera.h.rel                      [ camera_system ]
obj/sys/camera.rel                        [ cpct_keyboard ]
obj/sys/collision.h.rel                   [ collision_system ]
obj/sys/collision.rel                     [ cpct_keyboard ]
obj/sys/input.h.rel                       [ input_system ]
obj/sys/input.rel                         [ cpct_keyboard ]
obj/sys/physics.h.rel                     [ physics_system ]
obj/sys/physics.rel                       [ entity_manager ]
obj/sys/render.h.rel                      [ render_system ]
obj/sys/render.rel                        [ cpct_keyboard ]


Libraries Linked                          [ object file ]

/home/manu/Dev/cpctelera/cpctelera/cpctelera.lib
                                          [ cpct_setPalette_asmbindings.rel ]
/home/manu/Dev/cpctelera/cpctelera/cpctelera.lib
                                          [ cpct_isKeyPressed.rel ]
/home/manu/Dev/cpctelera/cpctelera/cpctelera.lib
                                          [ cpct_setPALColour_asmbindings.re ]
/home/manu/Dev/cpctelera/cpctelera/cpctelera.lib
                                          [ keyboard.rel ]
/home/manu/Dev/cpctelera/cpctelera/cpctelera.lib
                                          [ cpct_setVideoMode_asmbindings.re ]
/home/manu/Dev/cpctelera/cpctelera/cpctelera.lib
                                          [ cpct_waitVSYNC.rel ]
/home/manu/Dev/cpctelera/cpctelera/cpctelera.lib
                                          [ cpct_removeInterruptHandler.rel ]
/home/manu/Dev/cpctelera/cpctelera/cpctelera.lib
                                          [ cpc_mode_rom_status.rel ]
/home/manu/Dev/cpctelera/cpctelera/cpctelera.lib
                                          [ cpct_scanKeyboard.rel ]

ASxxxx Linker V03.00 + NoICE + sdld,  page 5.

User Base Address Definitions

_CODE = 0x4000
_DATA = 0x0000

