ASxxxx Linker V03.00 + NoICE + sdld,  page 1.
Hexadecimal  [32-Bits]

Area                                    Addr        Size        Decimal Bytes (Attributes)
--------------------------------        ----        ----        ------- ----- ------------
.  .ABS.                            00000000    00000000 =           0. bytes (ABS,CON)

      Value  Global                              Global Defined In Module
      -----  --------------------------------   ------------------------
     00000000  .__.ABS.                           cpct_firmware
     00000000  l__CABS                         
     00000000  l__DABS                         
     00000000  l__DATA                         
     00000000  l__GSFINAL                      
     00000000  l__GSINIT                       
     00000000  l__HOME                         
     00000000  l__INITIALIZED                  
     00000000  l__INITIALIZER                  
     00000000  s__CABS                         
     00000000  s__DABS                         
     000006D8  l__CODE                         
     00004000  s__CODE                         
     000046D8  s__DATA                         
     000046D8  s__GSFINAL                      
     000046D8  s__GSINIT                       
     000046D8  s__HOME                         
     000046D8  s__INITIALIZED                  
     000046D8  s__INITIALIZER                  

ASxxxx Linker V03.00 + NoICE + sdld,  page 2.
Hexadecimal  [32-Bits]

Area                                    Addr        Size        Decimal Bytes (Attributes)
--------------------------------        ----        ----        ------- ----- ------------
_CODE                               00004000    000006D8 =        1752. bytes (REL,CON)

      Value  Global                              Global Defined In Module
      -----  --------------------------------   ------------------------
     00004000  _spr_tileset                       pingu
     00004008  _spr_pingu_0                       pingu
     000040C8  _spr_pingu_1                       pingu
     00004188  _spr_pingu_2                       pingu
     00004248  _spr_pingu_3                       pingu
     00004308  _pre_palette                       face
     00004318  _pre_tileset                       face
     0000431A  _pre_face                          face
     00004352  _main                              cpct_keyboard
     00004370  drawTilemap4x8_ag_32x16            cpct_keyboard
     00004409  setDrawTileMap4x8_ag_32x16         cpct_keyboard
     00004435  getScreenPtr_32x16                 cpct_keyboard
     00004443  drawSprite_32x16                   cpct_keyboard
     00004469  drawSolidBox_32x16                 cpct_keyboard
     0000449A  entities                           entity_manager
     00004526  entity_manager_init                entity_manager
     00004559  entity_manager_create_entity       entity_manager
     000045B5  entity_manager_destroy_entity      entity_manager
     00004626  entity_manager_forall              entity_manager
     0000464C  render_system_init                 cpct_keyboard
     00004696  render_system_update               cpct_keyboard
     0000469D  cpct_setPalette_asm                cpct_video
     000046B0  cpct_setPALColour_asm              cpct_video
     000046BA  cpct_setVideoMode_asm              cpct_video
     000046C7  _cpct_disableFirmware              cpct_firmware
     000046C7  _cpct_removeInterruptHandler       cpct_firmware
     000046C7  cpct_disableFirmware_asm           cpct_firmware
     000046C7  cpct_removeInterruptHandler_asm    cpct_firmware
     000046D7  _cpct_mode_rom_status              cpct_firmware

ASxxxx Linker V03.00 + NoICE + sdld,  page 3.

Files Linked                              [ module(s) ]

obj/pingu.rel                             [ pingu ]
obj/face.rel                              [ face ]
obj/main.rel                              [ cpct_keyboard ]
obj/cpct/cpct32x16.h.rel                  [ cpct32x16 ]
obj/cpct/cpct32x16.rel                    [ cpct_keyboard ]
obj/man/entity.h.rel                      [ entity_manager ]
obj/man/entity.rel                        [ entity_manager ]
obj/man/game.h.rel                        [  ]
obj/man/game.rel                          [  ]
obj/sys/render.h.rel                      [ render_system ]
obj/sys/render.rel                        [ cpct_keyboard ]


Libraries Linked                          [ object file ]

/home/manu/Dev/cpctelera/cpctelera/cpctelera.lib
                                          [ cpct_setPalette_asmbindings.rel ]
/home/manu/Dev/cpctelera/cpctelera/cpctelera.lib
                                          [ cpct_setPALColour_asmbindings.re ]
/home/manu/Dev/cpctelera/cpctelera/cpctelera.lib
                                          [ cpct_setVideoMode_asmbindings.re ]
/home/manu/Dev/cpctelera/cpctelera/cpctelera.lib
                                          [ cpct_removeInterruptHandler.rel ]
/home/manu/Dev/cpctelera/cpctelera/cpctelera.lib
                                          [ cpc_mode_rom_status.rel ]

ASxxxx Linker V03.00 + NoICE + sdld,  page 4.

User Base Address Definitions

_CODE = 0x4000
_DATA = 0x0000

